// Jest Snapshot v1, https://goo.gl/fbAQLP

exports[`renders Home component and allows user to input name & message 1`] = `
<div>
  <h3>
    Sign here and leave a note
  </h3>
  <form>
    <div>
      <input
        aria-label="name-input"
        placeholder="name"
        type="text"
        value=""
      />
    </div>
    <input
      aria-label="note-input"
      placeholder="note"
      type="text"
      value=""
    />
    <button>
      Submit
    </button>
    
  </form>
  <ul />
</div>
`;
